// Jest Snapshot v1, https://goo.gl/fbAQLP

exports[`HeaderNav renders 1`] = `
<Menu
  borderless={true}
  className="top-menu"
  fixed="top"
>
  <MenuItem
    className="logo"
    header={true}
  >
    <Link
      className="logo-link"
      to="/"
    >
      <Icon
        as="i"
        className="header-icon"
        name="list ul"
        size="large"
      />
      <Image
        as="img"
        className="right"
        size="tiny"
        src="logo.png"
        ui={true}
      />
    </Link>
  </MenuItem>
  <MenuMenu
    className="nav-container"
  >
    <MenuItem
      className="search-input"
    >
      <Form
        as="form"
      >
        <FormField>
          <Input
            action="Go"
            placeholder="Search"
            size="small"
            type="text"
          />
        </FormField>
      </Form>
    </MenuItem>
    <MenuMenu
      position="right"
    >
      <MenuItem>
        <Icon
          as="i"
          className="header-icon"
          name="video camera"
          size="large"
        />
      </MenuItem>
      <MenuItem>
        <Icon
          as="i"
          className="header-icon"
          name="grid layout"
          size="large"
        />
      </MenuItem>
      <MenuItem>
        <Icon
          as="i"
          className="header-icon"
          name="alarm"
          size="large"
        />
      </MenuItem>
      <MenuItem
        name="avatar"
      >
        <Image
          as="img"
          avatar={true}
          src="http://via.placeholder.com/80x80"
          ui={true}
        />
      </MenuItem>
    </MenuMenu>
  </MenuMenu>
</Menu>
`;
